2026-08-10 23:58:05.091 | INFO     | app.core.system_controller:startup:69 | Starting Trading Bot.
2026-08-10 23:58:05.092 | INFO     | app.database.initializer:initialize:38 | Initializing database.
2026-08-10 23:58:05.310 | INFO     | app.database.initializer:initialize:50 | Database initialized successfully.
2026-08-10 23:58:05.316 | INFO     | app.core.scheduler:start:69 | Scheduler started.
2026-08-10 23:58:05.316 | INFO     | app.core.system_controller:startup:77 | Trading Bot started successfully.
2026-08-10 23:58:05.316 | INFO     | app.core.system_controller:shutdown:104 | Stopping Trading Bot.
2026-08-10 23:58:05.317 | INFO     | app.core.scheduler:stop:80 | Scheduler stopped.
2026-08-10 23:58:05.317 | INFO     | app.database.initializer:shutdown:58 | Closing database connection.
2026-08-10 23:58:05.318 | INFO     | app.database.initializer:shutdown:64 | Database connection closed.
2026-08-10 23:58:05.318 | INFO     | app.core.system_controller:shutdown:112 | Trading Bot stopped successfully.
2026-08-10 23:58:05.319 | INFO     | app.config.logging:shutdown:110 | Shutting down logging system.
2026-08-11 12:35:01.395 | INFO     | app.core.system_controller:startup:69 | Starting Trading Bot.
2026-08-11 12:35:01.397 | INFO     | app.database.initializer:initialize:38 | Initializing database.
2026-08-11 12:35:01.558 | INFO     | app.database.initializer:initialize:50 | Database initialized successfully.
2026-08-11 12:35:01.564 | INFO     | app.core.scheduler:start:69 | Scheduler started.
2026-08-11 12:35:01.565 | INFO     | app.core.system_controller:startup:77 | Trading Bot started successfully.
2026-08-11 12:35:01.565 | INFO     | app.core.system_controller:shutdown:104 | Stopping Trading Bot.
2026-08-11 12:35:01.566 | INFO     | app.core.scheduler:stop:80 | Scheduler stopped.
2026-08-11 12:35:01.566 | INFO     | app.database.initializer:shutdown:58 | Closing database connection.
2026-08-11 12:35:01.567 | INFO     | app.database.initializer:shutdown:64 | Database connection closed.
2026-08-11 12:35:01.567 | INFO     | app.core.system_controller:shutdown:112 | Trading Bot stopped successfully.
2026-08-11 12:35:01.568 | INFO     | app.config.logging:shutdown:110 | Shutting down logging system.
2026-08-11 12:36:48.974 | INFO     | app.core.system_controller:startup:69 | Starting Trading Bot.
2026-08-11 12:36:48.974 | INFO     | app.database.initializer:initialize:38 | Initializing database.
2026-08-11 12:36:49.025 | INFO     | app.database.initializer:initialize:50 | Database initialized successfully.
2026-08-11 12:36:49.027 | INFO     | app.core.scheduler:start:69 | Scheduler started.
2026-08-11 12:36:49.028 | INFO     | app.core.system_controller:startup:77 | Trading Bot started successfully.
2026-08-11 12:36:49.028 | INFO     | app.core.system_controller:shutdown:104 | Stopping Trading Bot.
2026-08-11 12:36:49.028 | INFO     | app.core.scheduler:stop:80 | Scheduler stopped.
2026-08-11 12:36:49.029 | INFO     | app.database.initializer:shutdown:58 | Closing database connection.
2026-08-11 12:36:49.030 | INFO     | app.database.initializer:shutdown:64 | Database connection closed.
2026-08-11 12:36:49.030 | INFO     | app.core.system_controller:shutdown:112 | Trading Bot stopped successfully.
2026-08-11 12:36:49.030 | INFO     | app.config.logging:shutdown:110 | Shutting down logging system.
2026-08-11 12:37:26.924 | INFO     | app.core.system_controller:startup:69 | Starting Trading Bot.
2026-08-11 12:37:26.925 | INFO     | app.database.initializer:initialize:38 | Initializing database.
2026-08-11 12:37:26.972 | INFO     | app.database.initializer:initialize:50 | Database initialized successfully.
2026-08-11 12:37:26.974 | INFO     | app.core.scheduler:start:69 | Scheduler started.
2026-08-11 12:37:26.974 | INFO     | app.core.system_controller:startup:77 | Trading Bot started successfully.
2026-08-11 12:37:26.974 | INFO     | app.core.system_controller:shutdown:104 | Stopping Trading Bot.
2026-08-11 12:37:26.975 | INFO     | app.core.scheduler:stop:80 | Scheduler stopped.
2026-08-11 12:37:26.975 | INFO     | app.database.initializer:shutdown:58 | Closing database connection.
2026-08-11 12:37:26.976 | INFO     | app.database.initializer:shutdown:64 | Database connection closed.
2026-08-11 12:37:26.976 | INFO     | app.core.system_controller:shutdown:112 | Trading Bot stopped successfully.
2026-08-11 12:37:26.977 | INFO     | app.config.logging:shutdown:110 | Shutting down logging system.
2026-08-11 17:39:59.280 | INFO     | app.core.system_controller:startup:69 | Starting Trading Bot.
2026-08-11 17:39:59.280 | INFO     | app.database.initializer:initialize:38 | Initializing database.
2026-08-11 17:39:59.319 | INFO     | app.database.initializer:initialize:50 | Database initialized successfully.
2026-08-11 17:39:59.325 | INFO     | app.core.scheduler:start:69 | Scheduler started.
2026-08-11 17:39:59.326 | INFO     | app.core.system_controller:startup:77 | Trading Bot started successfully.
2026-08-11 17:39:59.326 | INFO     | app.core.system_controller:shutdown:104 | Stopping Trading Bot.
2026-08-11 17:39:59.327 | INFO     | app.core.scheduler:stop:80 | Scheduler stopped.
2026-08-11 17:39:59.327 | INFO     | app.database.initializer:shutdown:58 | Closing database connection.
2026-08-11 17:39:59.328 | INFO     | app.database.initializer:shutdown:64 | Database connection closed.
2026-08-11 17:39:59.328 | INFO     | app.core.system_controller:shutdown:112 | Trading Bot stopped successfully.
2026-08-11 17:39:59.328 | INFO     | app.config.logging:shutdown:110 | Shutting down logging system.
2026-08-11 17:48:08.140 | INFO     | app.core.system_controller:startup:69 | Starting Trading Bot.
2026-08-11 17:48:08.141 | INFO     | app.database.initializer:initialize:38 | Initializing database.
2026-08-11 17:48:08.209 | INFO     | app.database.initializer:initialize:50 | Database initialized successfully.
2026-08-11 17:48:08.211 | INFO     | app.core.scheduler:start:69 | Scheduler started.
2026-08-11 17:48:08.212 | INFO     | app.core.system_controller:startup:77 | Trading Bot started successfully.
2026-08-11 17:48:08.212 | INFO     | app.core.system_controller:shutdown:104 | Stopping Trading Bot.
2026-08-11 17:48:08.212 | INFO     | app.core.scheduler:stop:80 | Scheduler stopped.
2026-08-11 17:48:08.213 | INFO     | app.database.initializer:shutdown:58 | Closing database connection.
2026-08-11 17:48:08.213 | INFO     | app.database.initializer:shutdown:64 | Database connection closed.
2026-08-11 17:48:08.214 | INFO     | app.core.system_controller:shutdown:112 | Trading Bot stopped successfully.
2026-08-11 17:48:08.214 | INFO     | app.config.logging:shutdown:110 | Shutting down logging system.
2026-08-12 15:42:08.292 | INFO     | app.core.system_controller:startup:69 | Starting Trading Bot.
2026-08-12 15:42:08.293 | INFO     | app.database.initializer:initialize:38 | Initializing database.
2026-08-12 15:42:08.681 | INFO     | app.database.initializer:initialize:50 | Database initialized successfully.
2026-08-12 15:42:08.745 | INFO     | app.core.scheduler:start:69 | Scheduler started.
2026-08-12 15:42:08.746 | INFO     | app.core.system_controller:startup:77 | Trading Bot started successfully.
2026-08-12 15:42:08.747 | INFO     | app.core.system_controller:shutdown:104 | Stopping Trading Bot.
2026-08-12 15:42:08.748 | INFO     | app.core.scheduler:stop:80 | Scheduler stopped.
2026-08-12 15:42:08.748 | INFO     | app.database.initializer:shutdown:58 | Closing database connection.
2026-08-12 15:42:08.751 | INFO     | app.database.initializer:shutdown:64 | Database connection closed.
2026-08-12 15:42:08.752 | INFO     | app.core.system_controller:shutdown:112 | Trading Bot stopped successfully.
2026-08-12 15:42:08.754 | INFO     | app.config.logging:shutdown:110 | Shutting down logging system.
2026-08-12 15:46:11.778 | INFO     | app.core.system_controller:startup:69 | Starting Trading Bot.
2026-08-12 15:46:11.779 | INFO     | app.database.initializer:initialize:38 | Initializing database.
2026-08-12 15:46:11.843 | INFO     | app.database.initializer:initialize:50 | Database initialized successfully.
2026-08-12 15:46:11.846 | INFO     | app.core.scheduler:start:69 | Scheduler started.
2026-08-12 15:46:11.846 | INFO     | app.core.system_controller:startup:77 | Trading Bot started successfully.
2026-08-12 15:46:11.847 | INFO     | app.core.system_controller:shutdown:104 | Stopping Trading Bot.
2026-08-12 15:46:11.847 | INFO     | app.core.scheduler:stop:80 | Scheduler stopped.
2026-08-12 15:46:11.848 | INFO     | app.database.initializer:shutdown:58 | Closing database connection.
2026-08-12 15:46:11.850 | INFO     | app.database.initializer:shutdown:64 | Database connection closed.
2026-08-12 15:46:11.851 | INFO     | app.core.system_controller:shutdown:112 | Trading Bot stopped successfully.
2026-08-12 15:46:11.851 | INFO     | app.config.logging:shutdown:110 | Shutting down logging system.
2026-08-12 15:49:56.723 | INFO     | app.core.system_controller:startup:69 | Starting Trading Bot.
2026-08-12 15:49:56.726 | INFO     | app.database.initializer:initialize:38 | Initializing database.
2026-08-12 15:49:56.735 | INFO     | app.database.initializer:initialize:50 | Database initialized successfully.
2026-08-12 15:49:56.739 | INFO     | app.core.scheduler:start:69 | Scheduler started.
2026-08-12 15:49:56.740 | INFO     | app.core.system_controller:startup:77 | Trading Bot started successfully.
2026-08-12 15:49:56.741 | INFO     | app.core.system_controller:shutdown:104 | Stopping Trading Bot.
2026-08-12 15:49:56.745 | INFO     | app.core.scheduler:stop:80 | Scheduler stopped.
2026-08-12 15:49:56.745 | INFO     | app.database.initializer:shutdown:58 | Closing database connection.
2026-08-12 15:49:56.748 | INFO     | app.database.initializer:shutdown:64 | Database connection closed.
2026-08-12 15:49:56.748 | INFO     | app.core.system_controller:shutdown:112 | Trading Bot stopped successfully.
2026-08-12 15:49:56.749 | INFO     | app.config.logging:shutdown:110 | Shutting down logging system.
